 count 
-------
  1343
(1 row)

 count 
-------
  1462
(1 row)

 count 
-------
  7768
(1 row)

 count 
-------
 28035
(1 row)

 count  
--------
 137000
(1 row)

