 count 
-------
    12
(1 row)

 count 
-------
   119
(1 row)

 count 
-------
  6232
(1 row)

 count 
-------
 26161
(1 row)

 count  
--------
 109269
(1 row)

